// Jest Snapshot v1, https://goo.gl/fbAQLP

exports[`Display component renders User Display 1`] = `
<ul>
  <br />
  <li>
    FOLLOWERS: 
    300
  </li>
  <br />
  <li>
    FOLLOWING: 
    200
  </li>
  <br />
  <li>
    LINK: 
    <a
      href="http://website.gov"
    >
      http://website.gov
    </a>
  </li>
  <br />
  <li>
    REPOS 
    <ul>
      <li>
        <a />
      </li>
    </ul>
  </li>
</ul>
`;
